Component: ARM Compiler 5.05 update 2 (build 169) Tool: armlink [4d0f33]

==============================================================================

Section Cross References

    startup.o(STACK) refers (Special) to heapauxi.o(.text) for __use_two_region_memory
    startup.o(HEAP) refers (Special) to heapauxi.o(.text) for __use_two_region_memory
    startup.o(RESET) refers (Special) to heapauxi.o(.text) for __use_two_region_memory
    startup.o(RESET) refers to startup.o(STACK) for Stack_Top
    startup.o(RESET) refers to __main.o(!!!main) for __main
    startup.o(.text) refers (Special) to heapauxi.o(.text) for __use_two_region_memory
    startup.o(.text) refers to startup.o(HEAP) for Heap_Mem
    startup.o(.text) refers to startup.o(STACK) for Stack_Mem
    main_1.o(i.main) refers to lib.o(i._Z11system_initv) for system_init()
    main_1.o(i.main) refers to lib.o(i._Z9UART_initv) for UART_init()
    main_1.o(i.main) refers to lib.o(i._Z8adc_initv) for adc_init()
    main_1.o(i.main) refers to lib.o(i._Z15adc_read_singlev) for adc_read_single()
    main_1.o(i.main) refers to printf.o(i._Z6printfPKcz) for printf(const char*, ...)
    main_1.o(i.main) refers to lib.o(i._Z4sendh) for send(unsigned char)
    main_1.o(.ARM.exidx) refers to main_1.o(i.main) for i.main
    lib.o(i._Z9send_textPh) refers to lib.o(i._Z4sendh) for send(unsigned char)
    lib.o(.ARM.exidx) refers to lib.o(i._Z5delayi) for i._Z5delayi
    lib.o(.ARM.exidx) refers to lib.o(i._Z9UART_initv) for i._Z9UART_initv
    lib.o(.ARM.exidx) refers to lib.o(i._Z4readv) for i._Z4readv
    lib.o(.ARM.exidx) refers to lib.o(i._Z4sendh) for i._Z4sendh
    lib.o(.ARM.exidx) refers to lib.o(i._Z9send_textPh) for i._Z9send_textPh
    lib.o(.ARM.exidx) refers to lib.o(i._Z11system_initv) for i._Z11system_initv
    lib.o(.ARM.exidx) refers to lib.o(i._Z8adc_initv) for i._Z8adc_initv
    lib.o(.ARM.exidx) refers to lib.o(i._Z8adc_readv) for i._Z8adc_readv
    lib.o(.ARM.exidx) refers to lib.o(i._Z9adc_startv) for i._Z9adc_startv
    lib.o(.ARM.exidx) refers to lib.o(i._Z15adc_read_singlev) for i._Z15adc_read_singlev
    printf.o(i._Z5SWInti) refers to lib.o(i._Z4sendh) for send(unsigned char)
    printf.o(i._Z5SWInti) refers to printf.o(i._Z6SWUIntj) for SWUInt(unsigned)
    printf.o(i._Z6SWUIntj) refers to aeabi_sdiv.o(.text_udiv) for __aeabi_uidivmod
    printf.o(i._Z6SWUIntj) refers to printf.o(i._Z8SWStringPh) for SWString(unsigned char*)
    printf.o(i._Z6printfPKcz) refers to printf.o(i._Z5SWInti) for SWInt(int)
    printf.o(i._Z6printfPKcz) refers to printf.o(i._Z6SWUIntj) for SWUInt(unsigned)
    printf.o(i._Z6printfPKcz) refers to lib.o(i._Z4sendh) for send(unsigned char)
    printf.o(i._Z6printfPKcz) refers to printf.o(i._Z8SWStringPh) for SWString(unsigned char*)
    printf.o(i._Z8SWStringPh) refers to lib.o(i._Z9send_textPh) for send_text(unsigned char*)
    printf.o(.ARM.exidx) refers to printf.o(i._Z8SWStringPh) for i._Z8SWStringPh
    printf.o(.ARM.exidx) refers to printf.o(i._Z6SWUIntj) for i._Z6SWUIntj
    printf.o(.ARM.exidx) refers to printf.o(i._Z5SWInti) for i._Z5SWInti
    printf.o(.ARM.exidx) refers to printf.o(i._Z6printfPKcz) for i._Z6printfPKcz
    aeabi_sdiv.o(.text_udiv) refers to aeabi_sdiv.o(.text) for __arm_div2
    aeabi_sdiv_div0.o(.text_udiv) refers to aeabi_sdiv_div0.o(.text) for __arm_div2
    __main.o(!!!main) refers to __rtentry.o(.ARM.Collect$$rtentry$$00000000) for __rt_entry
    __rtentry.o(.ARM.Collect$$rtentry$$00000000) refers (Special) to __rtentry2.o(.ARM.Collect$$rtentry$$0000000A) for __rt_entry_li
    __rtentry.o(.ARM.Collect$$rtentry$$00000000) refers (Special) to __rtentry2.o(.ARM.Collect$$rtentry$$0000000D) for __rt_entry_main
    __rtentry.o(.ARM.Collect$$rtentry$$00000000) refers (Special) to __rtentry2.o(.ARM.Collect$$rtentry$$0000000C) for __rt_entry_postli_1
    __rtentry.o(.ARM.Collect$$rtentry$$00000000) refers (Special) to __rtentry2.o(.ARM.Collect$$rtentry$$00000009) for __rt_entry_postsh_1
    __rtentry.o(.ARM.Collect$$rtentry$$00000000) refers (Special) to __rtentry2.o(.ARM.Collect$$rtentry$$00000002) for __rt_entry_presh_1
    __rtentry.o(.ARM.Collect$$rtentry$$00000000) refers (Special) to __rtentry4.o(.ARM.Collect$$rtentry$$00000004) for __rt_entry_sh
    aeabi_idiv0_sigfpe.o(.text) refers to rt_div0.o(.text) for __rt_div0
    __rtentry2.o(.ARM.Collect$$rtentry$$00000008) refers to boardinit2.o(.text) for _platform_post_stackheap_init
    __rtentry2.o(.ARM.Collect$$rtentry$$0000000A) refers to libinit.o(.ARM.Collect$$libinit$$00000000) for __rt_lib_init
    __rtentry2.o(.ARM.Collect$$rtentry$$0000000B) refers to boardinit3.o(.text) for _platform_post_lib_init
    __rtentry2.o(.ARM.Collect$$rtentry$$0000000D) refers to exit.o(.text) for exit
    __rtentry2.o(.ARM.Collect$$rtentry$$0000000D) refers to main_1.o(i.main) for main
    __rtentry2.o(.ARM.exidx) refers to __rtentry2.o(.ARM.Collect$$rtentry$$00000001) for .ARM.Collect$$rtentry$$00000001
    __rtentry2.o(.ARM.exidx) refers to __rtentry2.o(.ARM.Collect$$rtentry$$00000008) for .ARM.Collect$$rtentry$$00000008
    __rtentry2.o(.ARM.exidx) refers to __rtentry2.o(.ARM.Collect$$rtentry$$0000000A) for .ARM.Collect$$rtentry$$0000000A
    __rtentry2.o(.ARM.exidx) refers to __rtentry2.o(.ARM.Collect$$rtentry$$0000000B) for .ARM.Collect$$rtentry$$0000000B
    __rtentry2.o(.ARM.exidx) refers to __rtentry2.o(.ARM.Collect$$rtentry$$0000000D) for .ARM.Collect$$rtentry$$0000000D
    __rtentry4.o(.ARM.Collect$$rtentry$$00000004) refers to sys_stackheap_outer.o(.text) for __user_setup_stackheap
    __rtentry4.o(.ARM.exidx) refers to __rtentry4.o(.ARM.Collect$$rtentry$$00000004) for .ARM.Collect$$rtentry$$00000004
    rt_div0.o(.text) refers to defsig_fpe_outer.o(.text) for __rt_SIGFPE
    sys_stackheap_outer.o(.text) refers to libspace.o(.text) for __user_perproc_libspace
    sys_stackheap_outer.o(.text) refers to startup.o(.text) for __user_initial_stackheap
    exit.o(.text) refers to rtexit.o(.ARM.Collect$$rtexit$$00000000) for __rt_exit
    defsig_fpe_outer.o(.text) refers to defsig_fpe_inner.o(.text) for __rt_SIGFPE_inner
    defsig_fpe_outer.o(.text) refers to defsig_exit.o(.text) for __sig_exit
    defsig_fpe_formal.o(.text) refers to rt_raise.o(.text) for __rt_raise
    libinit.o(.ARM.Collect$$libinit$$00000000) refers (Special) to libinit2.o(.ARM.Collect$$libinit$$0000002E) for __rt_lib_init_alloca_1
    libinit.o(.ARM.Collect$$libinit$$00000000) refers (Special) to libinit2.o(.ARM.Collect$$libinit$$0000002C) for __rt_lib_init_argv_1
    libinit.o(.ARM.Collect$$libinit$$00000000) refers (Special) to libinit2.o(.ARM.Collect$$libinit$$0000001B) for __rt_lib_init_atexit_1
    libinit.o(.ARM.Collect$$libinit$$00000000) refers (Special) to libinit2.o(.ARM.Collect$$libinit$$00000021) for __rt_lib_init_clock_1
    libinit.o(.ARM.Collect$$libinit$$00000000) refers (Special) to libinit2.o(.ARM.Collect$$libinit$$00000032) for __rt_lib_init_cpp_1
    libinit.o(.ARM.Collect$$libinit$$00000000) refers (Special) to libinit2.o(.ARM.Collect$$libinit$$00000030) for __rt_lib_init_exceptions_1
    libinit.o(.ARM.Collect$$libinit$$00000000) refers (Special) to libinit2.o(.ARM.Collect$$libinit$$00000002) for __rt_lib_init_fp_1
    libinit.o(.ARM.Collect$$libinit$$00000000) refers (Special) to libinit2.o(.ARM.Collect$$libinit$$0000001F) for __rt_lib_init_fp_trap_1
    libinit.o(.ARM.Collect$$libinit$$00000000) refers (Special) to libinit2.o(.ARM.Collect$$libinit$$00000023) for __rt_lib_init_getenv_1
    libinit.o(.ARM.Collect$$libinit$$00000000) refers (Special) to libinit2.o(.ARM.Collect$$libinit$$0000000A) for __rt_lib_init_heap_1
    libinit.o(.ARM.Collect$$libinit$$00000000) refers (Special) to libinit2.o(.ARM.Collect$$libinit$$00000011) for __rt_lib_init_lc_collate_1
    libinit.o(.ARM.Collect$$libinit$$00000000) refers (Special) to libinit2.o(.ARM.Collect$$libinit$$00000013) for __rt_lib_init_lc_ctype_1
    libinit.o(.ARM.Collect$$libinit$$00000000) refers (Special) to libinit2.o(.ARM.Collect$$libinit$$00000015) for __rt_lib_init_lc_monetary_1
    libinit.o(.ARM.Collect$$libinit$$00000000) refers (Special) to libinit2.o(.ARM.Collect$$libinit$$00000017) for __rt_lib_init_lc_numeric_1
    libinit.o(.ARM.Collect$$libinit$$00000000) refers (Special) to libinit2.o(.ARM.Collect$$libinit$$00000019) for __rt_lib_init_lc_time_1
    libinit.o(.ARM.Collect$$libinit$$00000000) refers (Special) to libinit2.o(.ARM.Collect$$libinit$$00000004) for __rt_lib_init_preinit_1
    libinit.o(.ARM.Collect$$libinit$$00000000) refers (Special) to libinit2.o(.ARM.Collect$$libinit$$0000000E) for __rt_lib_init_rand_1
    libinit.o(.ARM.Collect$$libinit$$00000000) refers (Special) to libinit2.o(.ARM.Collect$$libinit$$00000033) for __rt_lib_init_return
    libinit.o(.ARM.Collect$$libinit$$00000000) refers (Special) to libinit2.o(.ARM.Collect$$libinit$$0000001D) for __rt_lib_init_signal_1
    libinit.o(.ARM.Collect$$libinit$$00000000) refers (Special) to libinit2.o(.ARM.Collect$$libinit$$00000025) for __rt_lib_init_stdio_1
    libinit.o(.ARM.Collect$$libinit$$00000000) refers (Special) to libinit2.o(.ARM.Collect$$libinit$$0000000C) for __rt_lib_init_user_alloc_1
    libspace.o(.text) refers to libspace.o(.bss) for __libspace_start
    rtexit.o(.ARM.Collect$$rtexit$$00000000) refers (Special) to rtexit2.o(.ARM.Collect$$rtexit$$00000004) for __rt_exit_exit
    rtexit.o(.ARM.Collect$$rtexit$$00000000) refers (Special) to rtexit2.o(.ARM.Collect$$rtexit$$00000003) for __rt_exit_ls
    rtexit.o(.ARM.Collect$$rtexit$$00000000) refers (Special) to rtexit2.o(.ARM.Collect$$rtexit$$00000002) for __rt_exit_prels_1
    rtexit.o(.ARM.exidx) refers (Special) to rtexit2.o(.ARM.Collect$$rtexit$$00000004) for __rt_exit_exit
    rtexit.o(.ARM.exidx) refers (Special) to rtexit2.o(.ARM.Collect$$rtexit$$00000003) for __rt_exit_ls
    rtexit.o(.ARM.exidx) refers (Special) to rtexit2.o(.ARM.Collect$$rtexit$$00000002) for __rt_exit_prels_1
    rtexit.o(.ARM.exidx) refers to rtexit.o(.ARM.Collect$$rtexit$$00000000) for .ARM.Collect$$rtexit$$00000000
    rt_raise.o(.text) refers to __raise.o(.text) for __raise
    rt_raise.o(.text) refers to sys_exit.o(.text) for _sys_exit
    defsig_exit.o(.text) refers to sys_exit.o(.text) for _sys_exit
    defsig_fpe_inner.o(.text) refers to defsig_general.o(.text) for __default_signal_display
    libinit2.o(.ARM.Collect$$libinit$$00000001) refers to fpinit.o(x$fpl$fpinit) for _fp_init
    libinit2.o(.ARM.Collect$$libinit$$00000010) refers to libinit2.o(.ARM.Collect$$libinit$$0000000F) for .ARM.Collect$$libinit$$0000000F
    libinit2.o(.ARM.Collect$$libinit$$00000012) refers to libinit2.o(.ARM.Collect$$libinit$$0000000F) for .ARM.Collect$$libinit$$0000000F
    libinit2.o(.ARM.Collect$$libinit$$00000014) refers to libinit2.o(.ARM.Collect$$libinit$$0000000F) for .ARM.Collect$$libinit$$0000000F
    libinit2.o(.ARM.Collect$$libinit$$00000016) refers to libinit2.o(.ARM.Collect$$libinit$$0000000F) for .ARM.Collect$$libinit$$0000000F
    libinit2.o(.ARM.Collect$$libinit$$00000018) refers to libinit2.o(.ARM.Collect$$libinit$$0000000F) for .ARM.Collect$$libinit$$0000000F
    libinit2.o(.ARM.Collect$$libinit$$00000026) refers to argv_veneer.o(.emb_text) for __ARM_argv_veneer
    libinit2.o(.ARM.Collect$$libinit$$00000027) refers to argv_veneer.o(.emb_text) for __ARM_argv_veneer
    sys_exit.o(.text) refers (Special) to use_no_semi.o(.text) for __I$use$semihosting
    sys_exit.o(.text) refers (Special) to indicate_semi.o(.text) for __semihosting_library_function
    rtexit2.o(.ARM.Collect$$rtexit$$00000003) refers to libshutdown.o(.ARM.Collect$$libshutdown$$00000000) for __rt_lib_shutdown
    rtexit2.o(.ARM.Collect$$rtexit$$00000004) refers to sys_exit.o(.text) for _sys_exit
    rtexit2.o(.ARM.exidx) refers to rtexit2.o(.ARM.Collect$$rtexit$$00000001) for .ARM.Collect$$rtexit$$00000001
    rtexit2.o(.ARM.exidx) refers to rtexit2.o(.ARM.Collect$$rtexit$$00000003) for .ARM.Collect$$rtexit$$00000003
    rtexit2.o(.ARM.exidx) refers to rtexit2.o(.ARM.Collect$$rtexit$$00000004) for .ARM.Collect$$rtexit$$00000004
    __raise.o(.text) refers to __raise.o(i.__ARM_common_call_via_r2) for __ARM_common_call_via_r2
    __raise.o(.text) refers to defsig.o(CL$$defsig) for __default_signal_handler
    defsig_general.o(.text) refers to sys_wrch.o(.text) for _ttywrch
    argv_veneer.o(.emb_text) refers to no_argv.o(.text) for __ARM_get_argv
    sys_wrch.o(.text) refers (Special) to use_no_semi.o(.text) for __I$use$semihosting
    sys_wrch.o(.text) refers (Special) to indicate_semi.o(.text) for __semihosting_library_function
    defsig.o(CL$$defsig) refers to defsig_fpe_inner.o(.text) for __rt_SIGFPE_inner
    defsig.o(CL$$defsig) refers to defsig_rtmem_inner.o(.text) for __rt_SIGRTMEM_inner
    _get_argv_nomalloc.o(.text) refers (Special) to hrguard.o(.text) for __heap_region$guard
    _get_argv_nomalloc.o(.text) refers to defsig_rtmem_outer.o(.text) for __rt_SIGRTMEM
    _get_argv_nomalloc.o(.text) refers to sys_command.o(.text) for _sys_command_string
    libshutdown.o(.ARM.Collect$$libshutdown$$00000000) refers (Special) to libshutdown2.o(.ARM.Collect$$libshutdown$$00000006) for __rt_lib_shutdown_fp_trap_1
    libshutdown.o(.ARM.Collect$$libshutdown$$00000000) refers (Special) to libshutdown2.o(.ARM.Collect$$libshutdown$$0000000E) for __rt_lib_shutdown_heap_1
    libshutdown.o(.ARM.Collect$$libshutdown$$00000000) refers (Special) to libshutdown2.o(.ARM.Collect$$libshutdown$$0000000F) for __rt_lib_shutdown_return
    libshutdown.o(.ARM.Collect$$libshutdown$$00000000) refers (Special) to libshutdown2.o(.ARM.Collect$$libshutdown$$00000009) for __rt_lib_shutdown_signal_1
    libshutdown.o(.ARM.Collect$$libshutdown$$00000000) refers (Special) to libshutdown2.o(.ARM.Collect$$libshutdown$$00000003) for __rt_lib_shutdown_stdio_1
    libshutdown.o(.ARM.Collect$$libshutdown$$00000000) refers (Special) to libshutdown2.o(.ARM.Collect$$libshutdown$$0000000B) for __rt_lib_shutdown_user_alloc_1
    sys_command.o(.text) refers (Special) to use_no_semi.o(.text) for __I$use$semihosting
    sys_command.o(.text) refers (Special) to indicate_semi.o(.text) for __semihosting_library_function
    defsig_abrt_inner.o(.text) refers to defsig_general.o(.text) for __default_signal_display
    defsig_rtred_inner.o(.text) refers to defsig_general.o(.text) for __default_signal_display
    defsig_rtmem_inner.o(.text) refers to defsig_general.o(.text) for __default_signal_display
    defsig_rtmem_outer.o(.text) refers to defsig_rtmem_inner.o(.text) for __rt_SIGRTMEM_inner
    defsig_rtmem_outer.o(.text) refers to defsig_exit.o(.text) for __sig_exit
    defsig_rtmem_formal.o(.text) refers to rt_raise.o(.text) for __rt_raise
    defsig_stak_inner.o(.text) refers to defsig_general.o(.text) for __default_signal_display
    defsig_pvfn_inner.o(.text) refers to defsig_general.o(.text) for __default_signal_display
    defsig_cppl_inner.o(.text) refers to defsig_general.o(.text) for __default_signal_display
    defsig_segv_inner.o(.text) refers to defsig_general.o(.text) for __default_signal_display
    defsig_other.o(.text) refers to defsig_general.o(.text) for __default_signal_display


==============================================================================

Removing Unused input sections from the image.

    Removing startup.o(RESET), (272 bytes).
    Removing main_1.o(.ARM.exidx), (8 bytes).
    Removing lib.o(i._Z4readv), (40 bytes).
    Removing lib.o(i._Z5delayi), (32 bytes).
    Removing lib.o(i._Z8adc_readv), (84 bytes).
    Removing lib.o(i._Z9adc_startv), (4 bytes).
    Removing lib.o(.ARM.exidx), (8 bytes).
    Removing lib.o(.ARM.exidx), (8 bytes).
    Removing lib.o(.ARM.exidx), (8 bytes).
    Removing lib.o(.ARM.exidx), (8 bytes).
    Removing lib.o(.ARM.exidx), (8 bytes).
    Removing lib.o(.ARM.exidx), (8 bytes).
    Removing lib.o(.ARM.exidx), (8 bytes).
    Removing lib.o(.ARM.exidx), (8 bytes).
    Removing lib.o(.ARM.exidx), (8 bytes).
    Removing lib.o(.ARM.exidx), (8 bytes).
    Removing printf.o(.ARM.exidx), (8 bytes).
    Removing printf.o(.ARM.exidx), (8 bytes).
    Removing printf.o(.ARM.exidx), (8 bytes).
    Removing printf.o(.ARM.exidx), (8 bytes).

20 unused section(s) (total 552 bytes) removed from the image.

==============================================================================

Adding Veneers to the image

    Adding AT veneer (8 bytes, Inline) for call to '__rt_lib_init' from __rtentry2.o(.ARM.Collect$$rtentry$$0000000A).
    Adding AT veneer (8 bytes, Inline) for call to '__rt_lib_shutdown' from rtexit2.o(.ARM.Collect$$rtexit$$00000003).
    Adding TA veneer (4 bytes, Inline) for call to '__rt_exit' from exit.o(.text).
    Adding AT veneer (8 bytes, Inline) for call to '_sys_exit' from rtexit2.o(.ARM.Collect$$rtexit$$00000004).

4 Veneer(s) (total 28 bytes) added to the image.

==============================================================================

Image Symbol Table

    Local Symbols

    Symbol Name                              Value     Ov Type        Size  Object(Section)

    !!!main                                  0x00000000   Section        8  __main.o(!!!main)
    ../clib/angel/boardlib.s                 0x00000000   Number         0  boardinit1.o ABSOLUTE
    ../clib/angel/boardlib.s                 0x00000000   Number         0  boardinit2.o ABSOLUTE
    ../clib/angel/boardlib.s                 0x00000000   Number         0  boardinit3.o ABSOLUTE
    ../clib/angel/boardlib.s                 0x00000000   Number         0  boardshut.o ABSOLUTE
    ../clib/angel/handlers.s                 0x00000000   Number         0  __scatter_zi.o ABSOLUTE
    ../clib/angel/kernel.s                   0x00000000   Number         0  rtexit2.o ABSOLUTE
    ../clib/angel/kernel.s                   0x00000000   Number         0  __rtentry.o ABSOLUTE
    ../clib/angel/kernel.s                   0x00000000   Number         0  rtexit.o ABSOLUTE
    ../clib/angel/kernel.s                   0x00000000   Number         0  __rtentry2.o ABSOLUTE
    ../clib/angel/kernel.s                   0x00000000   Number         0  __rtentry4.o ABSOLUTE
    ../clib/angel/rt.s                       0x00000000   Number         0  aeabi_idiv0.o ABSOLUTE
    ../clib/angel/rt.s                       0x00000000   Number         0  aeabi_idiv0_sigfpe.o ABSOLUTE
    ../clib/angel/rt.s                       0x00000000   Number         0  rt_div0.o ABSOLUTE
    ../clib/angel/rt.s                       0x00000000   Number         0  rt_raise.o ABSOLUTE
    ../clib/angel/scatter.s                  0x00000000   Number         0  __scatter.o ABSOLUTE
    ../clib/angel/startup.s                  0x00000000   Number         0  __main.o ABSOLUTE
    ../clib/angel/sys.s                      0x00000000   Number         0  indicate_semi.o ABSOLUTE
    ../clib/angel/sys.s                      0x00000000   Number         0  use_no_semi.o ABSOLUTE
    ../clib/angel/sys.s                      0x00000000   Number         0  libspace.o ABSOLUTE
    ../clib/angel/sys.s                      0x00000000   Number         0  sys_stackheap_outer.o ABSOLUTE
    ../clib/angel/sysapp.c                   0x00000000   Number         0  sys_command.o ABSOLUTE
    ../clib/angel/sysapp.c                   0x00000000   Number         0  sys_exit.o ABSOLUTE
    ../clib/angel/sysapp.c                   0x00000000   Number         0  sys_wrch.o ABSOLUTE
    ../clib/armsys.c                         0x00000000   Number         0  no_argv.o ABSOLUTE
    ../clib/armsys.c                         0x00000000   Number         0  argv_veneer.o ABSOLUTE
    ../clib/armsys.c                         0x00000000   Number         0  _get_argv_nomalloc.o ABSOLUTE
    ../clib/armsys.c                         0x00000000   Number         0  argv_veneer.o ABSOLUTE
    ../clib/division.s                       0x00000000   Number         0  aeabi_sdiv.o ABSOLUTE
    ../clib/division.s                       0x00000000   Number         0  aeabi_sdiv_div0.o ABSOLUTE
    ../clib/divrt.s                          0x00000000   Number         0  divrt_7tdmi_div0.o ABSOLUTE
    ../clib/divrt.s                          0x00000000   Number         0  divrt_7tdmi.o ABSOLUTE
    ../clib/heapalloc.c                      0x00000000   Number         0  hrguard.o ABSOLUTE
    ../clib/heapaux.c                        0x00000000   Number         0  heapauxi.o ABSOLUTE
    ../clib/libinit.s                        0x00000000   Number         0  libshutdown2.o ABSOLUTE
    ../clib/libinit.s                        0x00000000   Number         0  libinit2.o ABSOLUTE
    ../clib/libinit.s                        0x00000000   Number         0  libinit.o ABSOLUTE
    ../clib/libinit.s                        0x00000000   Number         0  libshutdown.o ABSOLUTE
    ../clib/signal.c                         0x00000000   Number         0  defsig_pvfn_inner.o ABSOLUTE
    ../clib/signal.c                         0x00000000   Number         0  defsig_cppl_inner.o ABSOLUTE
    ../clib/signal.c                         0x00000000   Number         0  defsig_segv_inner.o ABSOLUTE
    ../clib/signal.c                         0x00000000   Number         0  defsig_other.o ABSOLUTE
    ../clib/signal.c                         0x00000000   Number         0  defsig_rtmem_formal.o ABSOLUTE
    ../clib/signal.c                         0x00000000   Number         0  defsig_exit.o ABSOLUTE
    ../clib/signal.c                         0x00000000   Number         0  __raise.o ABSOLUTE
    ../clib/signal.c                         0x00000000   Number         0  defsig_abrt_inner.o ABSOLUTE
    ../clib/signal.c                         0x00000000   Number         0  defsig_rtred_inner.o ABSOLUTE
    ../clib/signal.c                         0x00000000   Number         0  defsig_rtmem_inner.o ABSOLUTE
    ../clib/signal.c                         0x00000000   Number         0  defsig_rtmem_outer.o ABSOLUTE
    ../clib/signal.c                         0x00000000   Number         0  defsig_fpe_formal.o ABSOLUTE
    ../clib/signal.c                         0x00000000   Number         0  defsig_stak_inner.o ABSOLUTE
    ../clib/signal.c                         0x00000000   Number         0  defsig_fpe_inner.o ABSOLUTE
    ../clib/signal.c                         0x00000000   Number         0  defsig_general.o ABSOLUTE
    ../clib/signal.c                         0x00000000   Number         0  defsig_fpe_outer.o ABSOLUTE
    ../clib/signal.s                         0x00000000   Number         0  defsig.o ABSOLUTE
    ../clib/stdlib.c                         0x00000000   Number         0  exit.o ABSOLUTE
    ../fplib/fpinit.s                        0x00000000   Number         0  fpinit.o ABSOLUTE
    Startup.s                                0x00000000   Number         0  startup.o ABSOLUTE
    dc.s                                     0x00000000   Number         0  dc.o ABSOLUTE
    lib.cpp                                  0x00000000   Number         0  lib.o ABSOLUTE
    main.cpp                                 0x00000000   Number         0  main_1.o ABSOLUTE
    printf.cpp                               0x00000000   Number         0  printf.o ABSOLUTE
    !!!scatter                               0x00000008   Section       60  __scatter.o(!!!scatter)
    !!handler_zi                             0x00000044   Section       44  __scatter_zi.o(!!handler_zi)
    .ARM.Collect$$libinit$$00000000          0x00000078   Section        2  libinit.o(.ARM.Collect$$libinit$$00000000)
    .ARM.Collect$$libinit$$00000002          0x0000007a   Section        0  libinit2.o(.ARM.Collect$$libinit$$00000002)
    .ARM.Collect$$libinit$$00000004          0x0000007a   Section        0  libinit2.o(.ARM.Collect$$libinit$$00000004)
    .ARM.Collect$$libinit$$0000000A          0x0000007a   Section        0  libinit2.o(.ARM.Collect$$libinit$$0000000A)
    .ARM.Collect$$libinit$$0000000C          0x0000007a   Section        0  libinit2.o(.ARM.Collect$$libinit$$0000000C)
    .ARM.Collect$$libinit$$0000000E          0x0000007a   Section        0  libinit2.o(.ARM.Collect$$libinit$$0000000E)
    .ARM.Collect$$libinit$$00000011          0x0000007a   Section        0  libinit2.o(.ARM.Collect$$libinit$$00000011)
    .ARM.Collect$$libinit$$00000013          0x0000007a   Section        0  libinit2.o(.ARM.Collect$$libinit$$00000013)
    .ARM.Collect$$libinit$$00000015          0x0000007a   Section        0  libinit2.o(.ARM.Collect$$libinit$$00000015)
    .ARM.Collect$$libinit$$00000017          0x0000007a   Section        0  libinit2.o(.ARM.Collect$$libinit$$00000017)
    .ARM.Collect$$libinit$$00000019          0x0000007a   Section        0  libinit2.o(.ARM.Collect$$libinit$$00000019)
    .ARM.Collect$$libinit$$0000001B          0x0000007a   Section        0  libinit2.o(.ARM.Collect$$libinit$$0000001B)
    .ARM.Collect$$libinit$$0000001D          0x0000007a   Section        0  libinit2.o(.ARM.Collect$$libinit$$0000001D)
    .ARM.Collect$$libinit$$0000001F          0x0000007a   Section        0  libinit2.o(.ARM.Collect$$libinit$$0000001F)
    .ARM.Collect$$libinit$$00000021          0x0000007a   Section        0  libinit2.o(.ARM.Collect$$libinit$$00000021)
    .ARM.Collect$$libinit$$00000023          0x0000007a   Section        0  libinit2.o(.ARM.Collect$$libinit$$00000023)
    .ARM.Collect$$libinit$$00000025          0x0000007a   Section        0  libinit2.o(.ARM.Collect$$libinit$$00000025)
    .ARM.Collect$$libinit$$0000002C          0x0000007a   Section        0  libinit2.o(.ARM.Collect$$libinit$$0000002C)
    .ARM.Collect$$libinit$$0000002E          0x0000007a   Section        0  libinit2.o(.ARM.Collect$$libinit$$0000002E)
    .ARM.Collect$$libinit$$00000030          0x0000007a   Section        0  libinit2.o(.ARM.Collect$$libinit$$00000030)
    .ARM.Collect$$libinit$$00000032          0x0000007a   Section        0  libinit2.o(.ARM.Collect$$libinit$$00000032)
    .ARM.Collect$$libinit$$00000033          0x0000007a   Section       12  libinit2.o(.ARM.Collect$$libinit$$00000033)
    .ARM.Collect$$libshutdown$$00000000      0x00000090   Section        4  libshutdown.o(.ARM.Collect$$libshutdown$$00000000)
    .ARM.Collect$$libshutdown$$00000003      0x00000094   Section        0  libshutdown2.o(.ARM.Collect$$libshutdown$$00000003)
    .ARM.Collect$$libshutdown$$00000006      0x00000094   Section        0  libshutdown2.o(.ARM.Collect$$libshutdown$$00000006)
    .ARM.Collect$$libshutdown$$00000009      0x00000094   Section        0  libshutdown2.o(.ARM.Collect$$libshutdown$$00000009)
    .ARM.Collect$$libshutdown$$0000000B      0x00000094   Section        0  libshutdown2.o(.ARM.Collect$$libshutdown$$0000000B)
    .ARM.Collect$$libshutdown$$0000000E      0x00000094   Section        0  libshutdown2.o(.ARM.Collect$$libshutdown$$0000000E)
    .ARM.Collect$$libshutdown$$0000000F      0x00000094   Section        6  libshutdown2.o(.ARM.Collect$$libshutdown$$0000000F)
    .ARM.Collect$$rtentry$$00000000          0x0000009c   Section        0  __rtentry.o(.ARM.Collect$$rtentry$$00000000)
    .ARM.Collect$$rtentry$$00000002          0x0000009c   Section        0  __rtentry2.o(.ARM.Collect$$rtentry$$00000002)
    .ARM.Collect$$rtentry$$00000004          0x0000009c   Section        8  __rtentry4.o(.ARM.Collect$$rtentry$$00000004)
    .ARM.Collect$$rtentry$$00000009          0x000000a4   Section        0  __rtentry2.o(.ARM.Collect$$rtentry$$00000009)
    .ARM.Collect$$rtentry$$0000000A          0x000000a4   Section        4  __rtentry2.o(.ARM.Collect$$rtentry$$0000000A)
    .ARM.Collect$$rtentry$$0000000C          0x000000a8   Section        0  __rtentry2.o(.ARM.Collect$$rtentry$$0000000C)
    .ARM.Collect$$rtentry$$0000000D          0x000000a8   Section       40  __rtentry2.o(.ARM.Collect$$rtentry$$0000000D)
    .ARM.Collect$$rtexit$$00000000           0x000000d4   Section        4  rtexit.o(.ARM.Collect$$rtexit$$00000000)
    .ARM.Collect$$rtexit$$00000002           0x000000d8   Section        0  rtexit2.o(.ARM.Collect$$rtexit$$00000002)
    .ARM.Collect$$rtexit$$00000003           0x000000d8   Section        4  rtexit2.o(.ARM.Collect$$rtexit$$00000003)
    .ARM.Collect$$rtexit$$00000004           0x000000dc   Section        8  rtexit2.o(.ARM.Collect$$rtexit$$00000004)
    .text                                    0x000000e4   Section       32  startup.o(.text)
    .text                                    0x00000104   Section      384  aeabi_sdiv.o(.text)
    __arm_div8                               0x00000130   ARM Code       0  aeabi_sdiv.o(.text)
    __arm_div5                               0x00000154   ARM Code       0  aeabi_sdiv.o(.text)
    __arm_div2                               0x00000178   ARM Code       0  aeabi_sdiv.o(.text)
    __arm_div_large                          0x000001b4   ARM Code       0  aeabi_sdiv.o(.text)
    .text                                    0x00000284   Section        0  heapauxi.o(.text)
    .text                                    0x0000028c   Section       96  sys_stackheap_outer.o(.text)
    .text                                    0x000002ec   Section        0  exit.o(.text)
    .text                                    0x000002f8   Section       12  libspace.o(.text)
    .text                                    0x0000030c   Section        0  sys_exit.o(.text)
    .text                                    0x00000318   Section        4  use_no_semi.o(.text)
    .text                                    0x0000031c   Section        0  indicate_semi.o(.text)
    .text_udiv                               0x0000031c   Section       36  aeabi_sdiv.o(.text_udiv)
    i._Z11system_initv                       0x00000340   Section        0  lib.o(i._Z11system_initv)
    i._Z15adc_read_singlev                   0x000003b0   Section        0  lib.o(i._Z15adc_read_singlev)
    i._Z4sendh                               0x00000408   Section        0  lib.o(i._Z4sendh)
    i._Z5SWInti                              0x00000430   Section        0  printf.o(i._Z5SWInti)
    i._Z6SWUIntj                             0x00000464   Section        0  printf.o(i._Z6SWUIntj)
    i._Z6printfPKcz                          0x00000520   Section        0  printf.o(i._Z6printfPKcz)
    i._Z8SWStringPh                          0x000006b0   Section        0  printf.o(i._Z8SWStringPh)
    i._Z8adc_initv                           0x000006c8   Section        0  lib.o(i._Z8adc_initv)
    i._Z9UART_initv                          0x000006e0   Section        0  lib.o(i._Z9UART_initv)
    i._Z9send_textPh                         0x00000718   Section        0  lib.o(i._Z9send_textPh)
    i.main                                   0x00000744   Section        0  main_1.o(i.main)
    .bss                                     0x40000000   Section       96  libspace.o(.bss)
    HEAP                                     0x40000060   Section        0  startup.o(HEAP)
    STACK                                    0x40000060   Section     1160  startup.o(STACK)
    Heap_Mem                                 0x40000060   Data           0  startup.o(HEAP)
    Stack_Mem                                0x40000060   Data        1024  startup.o(STACK)
    Stack_Top                                0x400004e8   Data           0  startup.o(STACK)

    Global Symbols

    Symbol Name                              Value     Ov Type        Size  Object(Section)

    BuildAttributes$$THM_ISAv1$ARM_ISAv4$S$PE$A:L22$X:L11$S22$IEEE1$IW$USESV6$~STKCKD$USESV7$~SHL$OSPACE$ROPI$EBA8$UX$STANDARDLIB$REQ8$PRES8$EABIv2 0x00000000   Number         0  anon$$obj.o ABSOLUTE
    __ARM_use_no_argv                        0x00000000   Number         0  main_1.o ABSOLUTE
    __main                                   0x00000000   ARM Code       8  __main.o(!!!main)
    __ARM_exceptions_init                     - Undefined Weak Reference
    __alloca_initialize                       - Undefined Weak Reference
    __arm_preinit_                            - Undefined Weak Reference
    __cpp_initialize__aeabi_                  - Undefined Weak Reference
    __cxa_finalize                            - Undefined Weak Reference
    __rt_locale                               - Undefined Weak Reference
    __sigvec_lookup                           - Undefined Weak Reference
    _atexit_init                              - Undefined Weak Reference
    _call_atexit_fns                          - Undefined Weak Reference
    _clock_init                               - Undefined Weak Reference
    _fp_trap_init                             - Undefined Weak Reference
    _fp_trap_shutdown                         - Undefined Weak Reference
    _get_lc_collate                           - Undefined Weak Reference
    _get_lc_ctype                             - Undefined Weak Reference
    _get_lc_monetary                          - Undefined Weak Reference
    _get_lc_numeric                           - Undefined Weak Reference
    _get_lc_time                              - Undefined Weak Reference
    _getenv_init                              - Undefined Weak Reference
    _handle_redirection                       - Undefined Weak Reference
    _init_alloc                               - Undefined Weak Reference
    _init_user_alloc                          - Undefined Weak Reference
    _initio                                   - Undefined Weak Reference
    _rand_init                                - Undefined Weak Reference
    _signal_finish                            - Undefined Weak Reference
    _signal_init                              - Undefined Weak Reference
    _terminate_alloc                          - Undefined Weak Reference
    _terminate_user_alloc                     - Undefined Weak Reference
    _terminateio                              - Undefined Weak Reference
    __scatterload                            0x00000008   ARM Code       0  __scatter.o(!!!scatter)
    __scatterload_rt2                        0x00000008   ARM Code      52  __scatter.o(!!!scatter)
    __scatterload_null                       0x0000001c   ARM Code       0  __scatter.o(!!!scatter)
    __scatterload_zeroinit                   0x00000044   ARM Code      44  __scatter_zi.o(!!handler_zi)
    Inline ARM to Thumb Veneer to __rt_lib_init 0x00000070   ARM Code       8  libinit.o(.ARM.Collect$$libinit$$00000000)
    __rt_lib_init                            0x00000079   Thumb Code     0  libinit.o(.ARM.Collect$$libinit$$00000000)
    __rt_lib_init_alloca_1                   0x0000007b   Thumb Code     0  libinit2.o(.ARM.Collect$$libinit$$0000002E)
    __rt_lib_init_argv_1                     0x0000007b   Thumb Code     0  libinit2.o(.ARM.Collect$$libinit$$0000002C)
    __rt_lib_init_atexit_1                   0x0000007b   Thumb Code     0  libinit2.o(.ARM.Collect$$libinit$$0000001B)
    __rt_lib_init_clock_1                    0x0000007b   Thumb Code     0  libinit2.o(.ARM.Collect$$libinit$$00000021)
    __rt_lib_init_cpp_1                      0x0000007b   Thumb Code     0  libinit2.o(.ARM.Collect$$libinit$$00000032)
    __rt_lib_init_exceptions_1               0x0000007b   Thumb Code     0  libinit2.o(.ARM.Collect$$libinit$$00000030)
    __rt_lib_init_fp_1                       0x0000007b   Thumb Code     0  libinit2.o(.ARM.Collect$$libinit$$00000002)
    __rt_lib_init_fp_trap_1                  0x0000007b   Thumb Code     0  libinit2.o(.ARM.Collect$$libinit$$0000001F)
    __rt_lib_init_getenv_1                   0x0000007b   Thumb Code     0  libinit2.o(.ARM.Collect$$libinit$$00000023)
    __rt_lib_init_heap_1                     0x0000007b   Thumb Code     0  libinit2.o(.ARM.Collect$$libinit$$0000000A)
    __rt_lib_init_lc_collate_1               0x0000007b   Thumb Code     0  libinit2.o(.ARM.Collect$$libinit$$00000011)
    __rt_lib_init_lc_ctype_1                 0x0000007b   Thumb Code     0  libinit2.o(.ARM.Collect$$libinit$$00000013)
    __rt_lib_init_lc_monetary_1              0x0000007b   Thumb Code     0  libinit2.o(.ARM.Collect$$libinit$$00000015)
    __rt_lib_init_lc_numeric_1               0x0000007b   Thumb Code     0  libinit2.o(.ARM.Collect$$libinit$$00000017)
    __rt_lib_init_lc_time_1                  0x0000007b   Thumb Code     0  libinit2.o(.ARM.Collect$$libinit$$00000019)
    __rt_lib_init_preinit_1                  0x0000007b   Thumb Code     0  libinit2.o(.ARM.Collect$$libinit$$00000004)
    __rt_lib_init_rand_1                     0x0000007b   Thumb Code     0  libinit2.o(.ARM.Collect$$libinit$$0000000E)
    __rt_lib_init_return                     0x0000007b   Thumb Code     0  libinit2.o(.ARM.Collect$$libinit$$00000033)
    __rt_lib_init_signal_1                   0x0000007b   Thumb Code     0  libinit2.o(.ARM.Collect$$libinit$$0000001D)
    __rt_lib_init_stdio_1                    0x0000007b   Thumb Code     0  libinit2.o(.ARM.Collect$$libinit$$00000025)
    __rt_lib_init_user_alloc_1               0x0000007b   Thumb Code     0  libinit2.o(.ARM.Collect$$libinit$$0000000C)
    Inline ARM to Thumb Veneer to __rt_lib_shutdown 0x00000088   ARM Code       8  libshutdown.o(.ARM.Collect$$libshutdown$$00000000)
    __rt_lib_shutdown                        0x00000091   Thumb Code     0  libshutdown.o(.ARM.Collect$$libshutdown$$00000000)
    __rt_lib_shutdown_fp_trap_1              0x00000095   Thumb Code     0  libshutdown2.o(.ARM.Collect$$libshutdown$$00000006)
    __rt_lib_shutdown_heap_1                 0x00000095   Thumb Code     0  libshutdown2.o(.ARM.Collect$$libshutdown$$0000000E)
    __rt_lib_shutdown_return                 0x00000095   Thumb Code     0  libshutdown2.o(.ARM.Collect$$libshutdown$$0000000F)
    __rt_lib_shutdown_signal_1               0x00000095   Thumb Code     0  libshutdown2.o(.ARM.Collect$$libshutdown$$00000009)
    __rt_lib_shutdown_stdio_1                0x00000095   Thumb Code     0  libshutdown2.o(.ARM.Collect$$libshutdown$$00000003)
    __rt_lib_shutdown_user_alloc_1           0x00000095   Thumb Code     0  libshutdown2.o(.ARM.Collect$$libshutdown$$0000000B)
    __rt_entry                               0x0000009c   ARM Code       0  __rtentry.o(.ARM.Collect$$rtentry$$00000000)
    __rt_entry_presh_1                       0x0000009c   ARM Code       0  __rtentry2.o(.ARM.Collect$$rtentry$$00000002)
    __rt_entry_sh                            0x0000009c   ARM Code       0  __rtentry4.o(.ARM.Collect$$rtentry$$00000004)
    __rt_entry_li                            0x000000a4   ARM Code       0  __rtentry2.o(.ARM.Collect$$rtentry$$0000000A)
    __rt_entry_postsh_1                      0x000000a4   ARM Code       0  __rtentry2.o(.ARM.Collect$$rtentry$$00000009)
    __rt_entry_main                          0x000000a8   ARM Code       0  __rtentry2.o(.ARM.Collect$$rtentry$$0000000D)
    __rt_entry_postli_1                      0x000000a8   ARM Code       0  __rtentry2.o(.ARM.Collect$$rtentry$$0000000C)
    Inline Thumb to ARM Veneer to __rt_exit  0x000000d1   Thumb Code     4  rtexit.o(.ARM.Collect$$rtexit$$00000000)
    __rt_exit                                0x000000d4   ARM Code       0  rtexit.o(.ARM.Collect$$rtexit$$00000000)
    __rt_exit_ls                             0x000000d8   ARM Code       0  rtexit2.o(.ARM.Collect$$rtexit$$00000003)
    __rt_exit_prels_1                        0x000000d8   ARM Code       0  rtexit2.o(.ARM.Collect$$rtexit$$00000002)
    __rt_exit_exit                           0x000000dc   ARM Code       0  rtexit2.o(.ARM.Collect$$rtexit$$00000004)
    __user_initial_stackheap                 0x000000e4   ARM Code       0  startup.o(.text)
    __aeabi_idiv                             0x00000104   ARM Code       0  aeabi_sdiv.o(.text)
    __aeabi_idivmod                          0x00000104   ARM Code     384  aeabi_sdiv.o(.text)
    __use_two_region_memory                  0x00000285   Thumb Code     2  heapauxi.o(.text)
    __rt_heap_escrow$2region                 0x00000287   Thumb Code     2  heapauxi.o(.text)
    __rt_heap_expand$2region                 0x00000289   Thumb Code     2  heapauxi.o(.text)
    __user_setup_stackheap                   0x0000028c   ARM Code      96  sys_stackheap_outer.o(.text)
    exit                                     0x000002ed   Thumb Code    12  exit.o(.text)
    __user_libspace                          0x000002f8   ARM Code      12  libspace.o(.text)
    __user_perproc_libspace                  0x000002f8   ARM Code       0  libspace.o(.text)
    __user_perthread_libspace                0x000002f8   ARM Code       0  libspace.o(.text)
    Inline ARM to Thumb Veneer to _sys_exit  0x00000304   ARM Code       8  sys_exit.o(.text)
    _sys_exit                                0x0000030d   Thumb Code     8  sys_exit.o(.text)
    __I$use$semihosting                      0x00000318   ARM Code       0  use_no_semi.o(.text)
    __use_no_semihosting_swi                 0x00000318   ARM Code       4  use_no_semi.o(.text)
    __aeabi_uidiv                            0x0000031c   ARM Code       0  aeabi_sdiv.o(.text_udiv)
    __aeabi_uidivmod                         0x0000031c   ARM Code      36  aeabi_sdiv.o(.text_udiv)
    __semihosting_library_function           0x0000031c   ARM Code       0  indicate_semi.o(.text)
    system_init()                            0x00000340   ARM Code     108  lib.o(i._Z11system_initv)
    adc_read_single()                        0x000003b0   ARM Code      76  lib.o(i._Z15adc_read_singlev)
    send(unsigned char)                      0x00000408   ARM Code      36  lib.o(i._Z4sendh)
    SWInt(int)                               0x00000430   ARM Code      52  printf.o(i._Z5SWInti)
    SWUInt(unsigned)                         0x00000464   ARM Code     188  printf.o(i._Z6SWUIntj)
    printf(const char*, ...)                 0x00000520   ARM Code     400  printf.o(i._Z6printfPKcz)
    SWString(unsigned char*)                 0x000006b0   ARM Code      24  printf.o(i._Z8SWStringPh)
    adc_init()                               0x000006c8   ARM Code      16  lib.o(i._Z8adc_initv)
    UART_init()                              0x000006e0   ARM Code      52  lib.o(i._Z9UART_initv)
    send_text(unsigned char*)                0x00000718   ARM Code      44  lib.o(i._Z9send_textPh)
    main                                     0x00000744   ARM Code      84  main_1.o(i.main)
    Region$$Table$$Base                      0x000007b0   Number         0  anon$$obj.o(Region$$Table)
    Region$$Table$$Limit                     0x000007c0   Number         0  anon$$obj.o(Region$$Table)
    __libspace_start                         0x40000000   Data          96  libspace.o(.bss)
    __temporary_stack_top$libspace           0x40000060   Data           0  libspace.o(.bss)



==============================================================================

Memory Map of the image

  Image Entry point : 0x00000000

  Load Region LR_1 (Base: 0x00000000, Size: 0x000007c0, Max: 0xffffffff, ABSOLUTE)

    Execution Region ER_RO (Base: 0x00000000, Size: 0x000007c0, Max: 0xffffffff, ABSOLUTE)

    Base Addr    Size         Type   Attr      Idx    E Section Name        Object

    0x00000000   0x00000008   Code   RO          170  * !!!main             c_t.l(__main.o)
    0x00000008   0x0000003c   Code   RO          338    !!!scatter          c_t.l(__scatter.o)
    0x00000044   0x0000002c   Code   RO          340    !!handler_zi        c_t.l(__scatter_zi.o)
    0x00000070   0x00000008   Ven    RO          207    .ARM.Collect$$libinit$$00000000  c_t.l(libinit.o)
    0x00000078   0x00000002   Code   RO          207    .ARM.Collect$$libinit$$00000000  c_t.l(libinit.o)
    0x0000007a   0x00000000   Code   RO          220    .ARM.Collect$$libinit$$00000002  c_t.l(libinit2.o)
    0x0000007a   0x00000000   Code   RO          222    .ARM.Collect$$libinit$$00000004  c_t.l(libinit2.o)
    0x0000007a   0x00000000   Code   RO          225    .ARM.Collect$$libinit$$0000000A  c_t.l(libinit2.o)
    0x0000007a   0x00000000   Code   RO          227    .ARM.Collect$$libinit$$0000000C  c_t.l(libinit2.o)
    0x0000007a   0x00000000   Code   RO          229    .ARM.Collect$$libinit$$0000000E  c_t.l(libinit2.o)
    0x0000007a   0x00000000   Code   RO          232    .ARM.Collect$$libinit$$00000011  c_t.l(libinit2.o)
    0x0000007a   0x00000000   Code   RO          234    .ARM.Collect$$libinit$$00000013  c_t.l(libinit2.o)
    0x0000007a   0x00000000   Code   RO          236    .ARM.Collect$$libinit$$00000015  c_t.l(libinit2.o)
    0x0000007a   0x00000000   Code   RO          238    .ARM.Collect$$libinit$$00000017  c_t.l(libinit2.o)
    0x0000007a   0x00000000   Code   RO          240    .ARM.Collect$$libinit$$00000019  c_t.l(libinit2.o)
    0x0000007a   0x00000000   Code   RO          242    .ARM.Collect$$libinit$$0000001B  c_t.l(libinit2.o)
    0x0000007a   0x00000000   Code   RO          244    .ARM.Collect$$libinit$$0000001D  c_t.l(libinit2.o)
    0x0000007a   0x00000000   Code   RO          246    .ARM.Collect$$libinit$$0000001F  c_t.l(libinit2.o)
    0x0000007a   0x00000000   Code   RO          248    .ARM.Collect$$libinit$$00000021  c_t.l(libinit2.o)
    0x0000007a   0x00000000   Code   RO          250    .ARM.Collect$$libinit$$00000023  c_t.l(libinit2.o)
    0x0000007a   0x00000000   Code   RO          252    .ARM.Collect$$libinit$$00000025  c_t.l(libinit2.o)
    0x0000007a   0x00000000   Code   RO          256    .ARM.Collect$$libinit$$0000002C  c_t.l(libinit2.o)
    0x0000007a   0x00000000   Code   RO          258    .ARM.Collect$$libinit$$0000002E  c_t.l(libinit2.o)
    0x0000007a   0x00000000   Code   RO          260    .ARM.Collect$$libinit$$00000030  c_t.l(libinit2.o)
    0x0000007a   0x00000000   Code   RO          262    .ARM.Collect$$libinit$$00000032  c_t.l(libinit2.o)
    0x0000007a   0x0000000c   Code   RO          263    .ARM.Collect$$libinit$$00000033  c_t.l(libinit2.o)
    0x00000086   0x00000002   PAD
    0x00000088   0x00000008   Ven    RO          296    .ARM.Collect$$libshutdown$$00000000  c_t.l(libshutdown.o)
    0x00000090   0x00000004   Code   RO          296    .ARM.Collect$$libshutdown$$00000000  c_t.l(libshutdown.o)
    0x00000094   0x00000000   Code   RO          323    .ARM.Collect$$libshutdown$$00000003  c_t.l(libshutdown2.o)
    0x00000094   0x00000000   Code   RO          326    .ARM.Collect$$libshutdown$$00000006  c_t.l(libshutdown2.o)
    0x00000094   0x00000000   Code   RO          329    .ARM.Collect$$libshutdown$$00000009  c_t.l(libshutdown2.o)
    0x00000094   0x00000000   Code   RO          331    .ARM.Collect$$libshutdown$$0000000B  c_t.l(libshutdown2.o)
    0x00000094   0x00000000   Code   RO          334    .ARM.Collect$$libshutdown$$0000000E  c_t.l(libshutdown2.o)
    0x00000094   0x00000006   Code   RO          335    .ARM.Collect$$libshutdown$$0000000F  c_t.l(libshutdown2.o)
    0x0000009a   0x00000002   PAD
    0x0000009c   0x00000000   Code   RO          172    .ARM.Collect$$rtentry$$00000000  c_t.l(__rtentry.o)
    0x0000009c   0x00000000   Code   RO          178    .ARM.Collect$$rtentry$$00000002  c_t.l(__rtentry2.o)
    0x0000009c   0x00000008   Code   RO          190    .ARM.Collect$$rtentry$$00000004  c_t.l(__rtentry4.o)
    0x000000a4   0x00000000   Code   RO          180    .ARM.Collect$$rtentry$$00000009  c_t.l(__rtentry2.o)
    0x000000a4   0x00000004   Code   RO          181    .ARM.Collect$$rtentry$$0000000A  c_t.l(__rtentry2.o)
    0x000000a8   0x00000000   Code   RO          183    .ARM.Collect$$rtentry$$0000000C  c_t.l(__rtentry2.o)
    0x000000a8   0x00000028   Code   RO          184    .ARM.Collect$$rtentry$$0000000D  c_t.l(__rtentry2.o)
    0x000000d0   0x00000004   Ven    RO          211    .ARM.Collect$$rtexit$$00000000  c_t.l(rtexit.o)
    0x000000d4   0x00000004   Code   RO          211    .ARM.Collect$$rtexit$$00000000  c_t.l(rtexit.o)
    0x000000d8   0x00000000   Code   RO          267    .ARM.Collect$$rtexit$$00000002  c_t.l(rtexit2.o)
    0x000000d8   0x00000004   Code   RO          268    .ARM.Collect$$rtexit$$00000003  c_t.l(rtexit2.o)
    0x000000dc   0x00000008   Code   RO          269    .ARM.Collect$$rtexit$$00000004  c_t.l(rtexit2.o)
    0x000000e4   0x00000020   Code   RO            4    .text               startup.o
    0x00000104   0x00000180   Code   RO          152    .text               c_t.l(aeabi_sdiv.o)
    0x00000284   0x00000006   Code   RO          168    .text               c_t.l(heapauxi.o)
    0x0000028a   0x00000002   PAD
    0x0000028c   0x00000060   Code   RO          194    .text               c_t.l(sys_stackheap_outer.o)
    0x000002ec   0x0000000c   Code   RO          196    .text               c_t.l(exit.o)
    0x000002f8   0x0000000c   Code   RO          208    .text               c_t.l(libspace.o)
    0x00000304   0x00000008   Ven    RO          264    .text               c_t.l(sys_exit.o)
    0x0000030c   0x0000000c   Code   RO          264    .text               c_t.l(sys_exit.o)
    0x00000318   0x00000004   Code   RO          285    .text               c_t.l(use_no_semi.o)
    0x0000031c   0x00000000   Code   RO          287    .text               c_t.l(indicate_semi.o)
    0x0000031c   0x00000024   Code   RO          153    .text_udiv          c_t.l(aeabi_sdiv.o)
    0x00000340   0x00000070   Code   RO           34    i._Z11system_initv  lib.o
    0x000003b0   0x00000058   Code   RO           35    i._Z15adc_read_singlev  lib.o
    0x00000408   0x00000028   Code   RO           37    i._Z4sendh          lib.o
    0x00000430   0x00000034   Code   RO          110    i._Z5SWInti         printf.o
    0x00000464   0x000000bc   Code   RO          111    i._Z6SWUIntj        printf.o
    0x00000520   0x00000190   Code   RO          112    i._Z6printfPKcz     printf.o
    0x000006b0   0x00000018   Code   RO          113    i._Z8SWStringPh     printf.o
    0x000006c8   0x00000018   Code   RO           39    i._Z8adc_initv      lib.o
    0x000006e0   0x00000038   Code   RO           41    i._Z9UART_initv     lib.o
    0x00000718   0x0000002c   Code   RO           43    i._Z9send_textPh    lib.o
    0x00000744   0x0000006c   Code   RO           11    i.main              main_1.o
    0x000007b0   0x00000010   Data   RO          336    Region$$Table       anon$$obj.o


    Execution Region ER_RW (Base: 0x40000000, Size: 0x00000000, Max: 0xffffffff, ABSOLUTE)

    **** No section assigned to this execution region ****


    Execution Region ER_ZI (Base: 0x40000000, Size: 0x000004e8, Max: 0xffffffff, ABSOLUTE)

    Base Addr    Size         Type   Attr      Idx    E Section Name        Object

    0x40000000   0x00000060   Zero   RW          209    .bss                c_t.l(libspace.o)
    0x40000060   0x00000000   Zero   RW            2    HEAP                startup.o
    0x40000060   0x00000488   Zero   RW            1    STACK               startup.o


==============================================================================

Image component sizes


      Code (inc. data)   RO Data    RW Data    ZI Data      Debug   Object Name

       364         32          0          0          0       2398   lib.o
       108         24          0          0          0       3543   main_1.o
       664          0          0          0          0       2865   printf.o
        32         12          0          0       1160        228   startup.o

    ----------------------------------------------------------------------
      1168         68         16          0       1160       9034   Object Totals
         0          0         16          0          0          0   (incl. Generated)
         0          0          0          0          0          0   (incl. Padding)

    ----------------------------------------------------------------------

      Code (inc. data)   RO Data    RW Data    ZI Data      Debug   Library Member Name

         8          0          0          0          0         68   __main.o
         0          0          0          0          0          0   __rtentry.o
        44          4          0          0          0          0   __rtentry2.o
         8          0          0          0          0          0   __rtentry4.o
        60          8          0          0          0          0   __scatter.o
        44          0          0          0          0          0   __scatter_zi.o
       420          0          0          0          0        148   aeabi_sdiv.o
        12          0          0          0          0         64   exit.o
         6          0          0          0          0        136   heapauxi.o
         0          0          0          0          0          0   indicate_semi.o
        10          0          0          0          0          0   libinit.o
        12          0          0          0          0          0   libinit2.o
        12          0          0          0          0          0   libshutdown.o
         6          0          0          0          0          0   libshutdown2.o
        12          4          0          0         96         68   libspace.o
         8          0          0          0          0          0   rtexit.o
        12          0          0          0          0          0   rtexit2.o
        20          4          0          0          0         60   sys_exit.o
        96          0          0          0          0         80   sys_stackheap_outer.o
         4          0          0          0          0         68   use_no_semi.o

    ----------------------------------------------------------------------
       800         20          0          0         96        692   Library Totals
         6          0          0          0          0          0   (incl. Padding)

    ----------------------------------------------------------------------

      Code (inc. data)   RO Data    RW Data    ZI Data      Debug   Library Name

       794         20          0          0         96        692   c_t.l

    ----------------------------------------------------------------------
       800         20          0          0         96        692   Library Totals

    ----------------------------------------------------------------------

==============================================================================


      Code (inc. data)   RO Data    RW Data    ZI Data      Debug   

      1968         88         16          0       1256       9098   Grand Totals
      1968         88         16          0       1256       9098   ELF Image Totals
      1968         88         16          0          0          0   ROM Totals

==============================================================================

    Total RO  Size (Code + RO Data)                 1984 (   1.94kB)
    Total RW  Size (RW Data + ZI Data)              1256 (   1.23kB)
    Total ROM Size (Code + RO Data + RW Data)       1984 (   1.94kB)

==============================================================================

