<html>
<body>
<pre>
<h1>µVision Build Log</h1>
<h2>Tool Versions:</h2>
IDE-Version: µVision V5.16a
Copyright (C) 2015 ARM Ltd and ARM Germany GmbH. All rights reserved.
License Information: Biruk B, Bk Inc, LIC=----
 
Tool Versions:
Toolchain:       MDK-Lite  Version: 5.16a
Toolchain Path:  C:\Keil_v5\ARM\ARMCC_505u2\Bin
C Compiler:      Armcc.exe V5.05 update 2 (build 169)
Assembler:       Armasm.exe V5.05 update 2 (build 169)
Linker/Locator:  ArmLink.exe V5.05 update 2 (build 169)
Library Manager: ArmAr.exe V5.05 update 2 (build 169)
Hex Converter:   FromElf.exe V5.05 update 2 (build 169)
CPU DLL:         SARM.DLL V5.16a
Dialog DLL:      DARMP.DLL V1.51
Target DLL:      UL2ARM.DLL V1.74.6.0
Dialog DLL:      TARMP.DLL V1.51
 
<h2>Project:</h2>
Z:\home\bk\Desktop\MCU\Lcd\lcd.uvproj
Project File Date:  11/19/2015

<h2>Output:</h2>
*** Using Compiler 'V5.05 update 2 (build 169)', folder: 'C:\Keil_v5\ARM\ARMCC_505u2\Bin'
Build target 'Target 1'
compiling main.c...
lcd.h(1): warning:  #1295-D: Deprecated declaration lcd_init - give arg types
  void lcd_init();
lcd.h(4): warning:  #1295-D: Deprecated declaration enable - give arg types
  void enable();
lcd.h(8): warning:  #1-D: last line of file ends without a newline
  void init_4bit();
lcd.h(8): warning:  #1295-D: Deprecated declaration init_4bit - give arg types
  void init_4bit();
main.c(18): warning:  #1-D: last line of file ends without a newline
  }
main.c: 5 warnings, 0 errors
linking...
Program Size: Code=936 RO-data=16 RW-data=0 ZI-data=1256  
FromELF: creating hex file...
".\Objects\lcd.axf" - 0 Error(s), 5 Warning(s).
Build Time Elapsed:  00:00:01
</pre>
</body>
</html>
