<html>
<body>
<pre>
<h1>µVision Build Log</h1>
<h2>Tool Versions:</h2>
IDE-Version: µVision V5.16a
Copyright (C) 2015 ARM Ltd and ARM Germany GmbH. All rights reserved.
License Information: Biruk B, Bk Inc, LIC=----
 
Tool Versions:
Toolchain:       MDK-Lite  Version: 5.16a
Toolchain Path:  C:\Keil_v5\ARM\ARMCC_505u2\Bin
C Compiler:      Armcc.exe V5.05 update 2 (build 169)
Assembler:       Armasm.exe V5.05 update 2 (build 169)
Linker/Locator:  ArmLink.exe V5.05 update 2 (build 169)
Library Manager: ArmAr.exe V5.05 update 2 (build 169)
Hex Converter:   FromElf.exe V5.05 update 2 (build 169)
CPU DLL:         SARM.DLL V5.16a
Dialog DLL:      DARMP.DLL V1.51
Target DLL:      UL2ARM.DLL V1.74.6.0
Dialog DLL:      TARMP.DLL V1.51
 
<h2>Project:</h2>
Z:\home\bk\Desktop\Timer_test\Timer_test.uvproj
Project File Date:  11/02/2015

<h2>Output:</h2>
*** Using Compiler 'V5.05 update 2 (build 169)', folder: 'C:\Keil_v5\ARM\ARMCC_505u2\Bin'
Build target 'Target 1'
compiling main.c...
main.c(7): warning:  #1295-D: Deprecated declaration toggle - give arg types
  void toggle();
main.c(70): warning:  #1-D: last line of file ends without a newline
  }
main.c: 2 warnings, 0 errors
linking...
Program Size: Code=672 RO-data=16 RW-data=0 ZI-data=1256  
FromELF: creating hex file...
".\Objects\Timer_test.axf" - 0 Error(s), 2 Warning(s).
Build Time Elapsed:  00:00:01
</pre>
</body>
</html>
