<html>
<body>
<pre>
<h1>µVision Build Log</h1>
<h2>Tool Versions:</h2>
IDE-Version: µVision V5.16a
Copyright (C) 2015 ARM Ltd and ARM Germany GmbH. All rights reserved.
License Information: Biruk B, Bk Inc, LIC=----
 
Tool Versions:
Toolchain:       MDK-Lite  Version: 5.16a
Toolchain Path:  C:\Keil_v5\ARM\ARMCC_505u2\Bin
C Compiler:      Armcc.exe V5.05 update 2 (build 169)
Assembler:       Armasm.exe V5.05 update 2 (build 169)
Linker/Locator:  ArmLink.exe V5.05 update 2 (build 169)
Library Manager: ArmAr.exe V5.05 update 2 (build 169)
Hex Converter:   FromElf.exe V5.05 update 2 (build 169)
CPU DLL:         SARM.DLL V5.16a
Dialog DLL:      DARMP.DLL V1.51
Target DLL:      UL2ARM.DLL V1.74.6.0
Dialog DLL:      TARMP.DLL V1.51
 
<h2>Project:</h2>
Z:\home\bk\Desktop\MCU\UART\Blink.uvproj
Project File Date:  10/27/2015

<h2>Output:</h2>
*** Using Compiler 'V5.05 update 2 (build 169)', folder: 'C:\Keil_v5\ARM\ARMCC_505u2\Bin'
Build target 'Target 1'
compiling Uart_init.c...
C:\Keil_v5\ARM\Inc\Philips\lpc21xx.h(163): warning:  #47-D: incompatible redefinition of macro "U0IER" (declared at line 188 of "C:\Keil_v5\ARM\Inc\Philips\lpc214x.h")
  #define U0IER          (*((volatile unsigned char *) 0xE000C004))
C:\Keil_v5\ARM\Inc\Philips\lpc21xx.h(164): warning:  #47-D: incompatible redefinition of macro "U0IIR" (declared at line 189 of "C:\Keil_v5\ARM\Inc\Philips\lpc214x.h")
  #define U0IIR          (*((volatile unsigned char *) 0xE000C008))
C:\Keil_v5\ARM\Inc\Philips\lpc21xx.h(169): warning:  #47-D: incompatible redefinition of macro "U0FDR" (declared at line 199 of "C:\Keil_v5\ARM\Inc\Philips\lpc214x.h")
  #define U0FDR          (*((volatile unsigned char *) 0xE000C028))
C:\Keil_v5\ARM\Inc\Philips\lpc21xx.h(176): warning:  #47-D: incompatible redefinition of macro "U1IER" (declared at line 205 of "C:\Keil_v5\ARM\Inc\Philips\lpc214x.h")
  #define U1IER          (*((volatile unsigned char *) 0xE0010004))
C:\Keil_v5\ARM\Inc\Philips\lpc21xx.h(177): warning:  #47-D: incompatible redefinition of macro "U1IIR" (declared at line 206 of "C:\Keil_v5\ARM\Inc\Philips\lpc214x.h")
  #define U1IIR          (*((volatile unsigned char *) 0xE0010008))
C:\Keil_v5\ARM\Inc\Philips\lpc21xx.h(184): warning:  #47-D: incompatible redefinition of macro "U1FDR" (declared at line 216 of "C:\Keil_v5\ARM\Inc\Philips\lpc214x.h")
  #define U1FDR          (*((volatile unsigned char *) 0xE0010028))
system_init.h(2): warning:  #1-D: last line of file ends without a newline
  void system_init(void);
Uart_init.c(8): warning:  #1295-D: Deprecated declaration UART_init - give arg types
  void UART_init();
Uart_init.c(9): warning:  #1295-D: Deprecated declaration read - give arg types
  unsigned char read ();
Uart_init.c: 9 warnings, 0 errors
linking...
Program Size: Code=784 RO-data=16 RW-data=0 ZI-data=1256  
FromELF: creating hex file...
".\Objects\Blink.axf" - 0 Error(s), 9 Warning(s).
Build Time Elapsed:  00:00:02
</pre>
</body>
</html>
